🌐 Testing PDF extraction in Chrome...


❌ Error: Could not find Chrome (ver. 149.0.7827.22). This can occur if either
 1. you did not perform an installation before running the script (e.g. `npx puppeteer browsers install chrome`) or
 2. your cache path is incorrectly configured (which is: C:\Users\s.sundar\.cache\puppeteer).
For (2), check out our guide on configuring puppeteer at https://pptr.dev/guides/configuration.
